// Jest Snapshot v1, https://goo.gl/fbAQLP

exports[`CardTermHistory component CardTermHistory snapshot test 1`] = `
<RNGestureHandlerButton
  collapsable={false}
  onGestureEvent={[Function]}
  onGestureHandlerEvent={[Function]}
  onGestureHandlerStateChange={[Function]}
  onHandlerStateChange={[Function]}
  rippleColor={0}
>
  <View
    accessible={true}
    style={
      Object {
        "backgroundColor": "#F0F0F0",
        "height": 40,
        "justifyContent": "center",
        "opacity": 1,
        "paddingLeft": 10,
        "width": 675,
        "zIndex": 9999,
      }
    }
  >
    <Text
      style={
        Object {
          "color": "#000000",
          "fontSize": 30,
        }
      }
    >
      Test
    </Text>
  </View>
</RNGestureHandlerButton>
`;
