// Jest Snapshot v1, https://goo.gl/fbAQLP

exports[`SearchBarComponent component SearchBarComponent snapshot test 1`] = `
<View
  style={
    Object {
      "alignItems": "center",
      "flexDirection": "row",
      "justifyContent": "center",
      "zIndex": 2,
    }
  }
>
  <View
    style={
      Object {
        "backgroundColor": "#FFFFFF",
        "borderBottomColor": "transparent",
        "borderBottomWidth": 1,
        "borderTopColor": "transparent",
        "borderTopWidth": 1,
        "padding": 8,
        "width": "80%",
      }
    }
  >
    <View
      style={
        Object {
          "paddingHorizontal": 0,
          "width": "100%",
        }
      }
    >
      <View
        style={
          Object {
            "alignItems": "center",
            "backgroundColor": "#FFFFFF",
            "borderBottomColor": "#000000",
            "borderBottomWidth": 1,
            "borderColor": "#000000",
            "borderRadius": 3,
            "borderWidth": 1,
            "flexDirection": "row",
            "minHeight": 30,
            "overflow": "hidden",
            "transform": Array [
              Object {
                "translateX": 0,
              },
            ],
          }
        }
      >
        <View
          style={
            Object {
              "alignItems": "center",
              "height": 40,
              "justifyContent": "center",
              "marginLeft": 8,
              "marginVertical": 4,
              "paddingRight": 4,
            }
          }
        >
          <View
            style={
              Object {
                "overflow": "hidden",
              }
            }
          >
            <View>
              <View
                style={
                  Object {
                    "alignItems": "center",
                    "backgroundColor": "transparent",
                    "justifyContent": "center",
                  }
                }
              >
                <Text
                  allowFontScaling={false}
                  style={
                    Array [
                      Object {
                        "color": "#86939e",
                        "fontSize": 18,
                      },
                      Object {
                        "backgroundColor": "transparent",
                      },
                      Object {
                        "fontFamily": "Material Icons",
                        "fontStyle": "normal",
                        "fontWeight": "normal",
                      },
                      Object {},
                    ]
                  }
                  testID="iconIcon"
                >
                  
                </Text>
              </View>
            </View>
          </View>
        </View>
        <TextInput
          allowFontScaling={true}
          blurOnSubmit={true}
          editable={true}
          onBlur={[Function]}
          onChangeText={[Function]}
          onFocus={[Function]}
          onSubmitEditing={[Function]}
          placeholder="Search for ..."
          placeholderTextColor="#86939e"
          platform="default"
          rejectResponderTermination={true}
          style={
            Object {
              "color": "#000000",
              "flex": 1,
              "fontSize": 18,
              "marginLeft": 10,
              "minHeight": 40,
            }
          }
          testID="input"
          underlineColorAndroid="transparent"
          value="test"
        />
        <View
          style={
            Object {
              "alignItems": "center",
              "height": 40,
              "justifyContent": "center",
              "marginRight": 8,
              "marginVertical": 4,
              "paddingRight": 4,
            }
          }
        >
          <View
            style={
              Object {
                "flexDirection": "row",
              }
            }
          >
            <View
              style={
                Object {
                  "overflow": "hidden",
                }
              }
            >
              <View
                accessible={true}
                focusable={true}
                onClick={[Function]}
                onResponderGrant={[Function]}
                onResponderMove={[Function]}
                onResponderRelease={[Function]}
                onResponderTerminate={[Function]}
                onResponderTerminationRequest={[Function]}
                onStartShouldSetResponder={[Function]}
              >
                <View
                  style={
                    Object {
                      "alignItems": "center",
                      "backgroundColor": "transparent",
                      "justifyContent": "center",
                    }
                  }
                >
                  <Text
                    allowFontScaling={false}
                    style={
                      Array [
                        Object {
                          "color": "#86939e",
                          "fontSize": 18,
                        },
                        Object {
                          "backgroundColor": "transparent",
                        },
                        Object {
                          "fontFamily": "Material Icons",
                          "fontStyle": "normal",
                          "fontWeight": "normal",
                        },
                        Object {},
                      ]
                    }
                    testID="iconIcon"
                  >
                    
                  </Text>
                </View>
              </View>
            </View>
          </View>
        </View>
      </View>
      <Text
        style={
          Object {
            "color": "#ff190c",
            "fontSize": 12,
            "height": 0,
            "margin": 0,
            "padding": 0,
          }
        }
      />
    </View>
  </View>
  <View
    accessible={true}
    focusable={true}
    onClick={[Function]}
    onResponderGrant={[Function]}
    onResponderMove={[Function]}
    onResponderRelease={[Function]}
    onResponderTerminate={[Function]}
    onResponderTerminationRequest={[Function]}
    onStartShouldSetResponder={[Function]}
    style={
      Object {
        "alignItems": "center",
        "backgroundColor": "#000000",
        "borderRadius": 5,
        "height": 50,
        "justifyContent": "center",
        "opacity": 1,
        "width": "15%",
      }
    }
  >
    <Text
      style={
        Object {
          "color": "#FFFFFF",
          "fontSize": 30,
        }
      }
    >
      Go
    </Text>
  </View>
</View>
`;
