// Jest Snapshot v1, https://goo.gl/fbAQLP

exports[`ViewContainer component ViewContainer snapshot test 1`] = `
<RCTSafeAreaView
  emulateUnlessSupported={true}
  style={
    Array [
      Object {
        "backgroundColor": "#FFFFFF",
        "flex": 1,
        "width": 750,
      },
      undefined,
    ]
  }
>
  <Text>
    test
  </Text>
</RCTSafeAreaView>
`;
